BenchmarkBaseline_RawDriver-16                                                      2014           1153962 ns/op          134369 B/op       4177 allocs/op
BenchmarkBaseline_RawDriver-16                                                      2018           1152997 ns/op          134328 B/op       4177 allocs/op
BenchmarkBaseline_RawDriver-16                                                      1981           1152316 ns/op          134310 B/op       4177 allocs/op
BenchmarkBaseline_RawDriver-16                                                      1982           1138616 ns/op          134309 B/op       4177 allocs/op
BenchmarkBaseline_RawDriver-16                                                      2042           1133975 ns/op          134300 B/op       4177 allocs/op
BenchmarkBaseline_RawDriver-16                                                      2076           1132222 ns/op          134292 B/op       4177 allocs/op
BenchmarkBaseline_RawDriver-16                                                      1948           1151484 ns/op          134303 B/op       4177 allocs/op
BenchmarkBaseline_RawDriver-16                                                      1947           1143537 ns/op          134293 B/op       4177 allocs/op
BenchmarkBaseline_RawDriver-16                                                      1996           1130584 ns/op          134294 B/op       4177 allocs/op
BenchmarkBaseline_RawDriver-16                                                      1957           1143159 ns/op          134291 B/op       4177 allocs/op
BenchmarkBaseline_RawQueryRows-16                                                   1944           1161190 ns/op          141677 B/op       4272 allocs/op
BenchmarkBaseline_RawQueryRows-16                                                   2010           1152588 ns/op          142001 B/op       4272 allocs/op
BenchmarkBaseline_RawQueryRows-16                                                   1963           1175868 ns/op          141809 B/op       4272 allocs/op
BenchmarkBaseline_RawQueryRows-16                                                   1932           1169979 ns/op          141839 B/op       4272 allocs/op
BenchmarkBaseline_RawQueryRows-16                                                   1934           1169275 ns/op          141616 B/op       4272 allocs/op
BenchmarkBaseline_RawQueryRows-16                                                   1963           1162657 ns/op          141868 B/op       4272 allocs/op
BenchmarkBaseline_RawQueryRows-16                                                   1934           1174414 ns/op          141832 B/op       4272 allocs/op
BenchmarkBaseline_RawQueryRows-16                                                   1933           1171475 ns/op          141698 B/op       4272 allocs/op
BenchmarkBaseline_RawQueryRows-16                                                   1947           1155558 ns/op          142015 B/op       4272 allocs/op
BenchmarkBaseline_RawQueryRows-16                                                   1902           1168114 ns/op          141661 B/op       4272 allocs/op
BenchmarkBaseline_RawSQL_OrderedMap_Dedupe-16                                       1093           2112929 ns/op          307852 B/op       9193 allocs/op
BenchmarkBaseline_RawSQL_OrderedMap_Dedupe-16                                       1105           2107856 ns/op          307858 B/op       9193 allocs/op
BenchmarkBaseline_RawSQL_OrderedMap_Dedupe-16                                       1134           2071616 ns/op          307857 B/op       9193 allocs/op
BenchmarkBaseline_RawSQL_OrderedMap_Dedupe-16                                       1135           2078381 ns/op          307858 B/op       9193 allocs/op
BenchmarkBaseline_RawSQL_OrderedMap_Dedupe-16                                       1124           2077215 ns/op          307852 B/op       9193 allocs/op
BenchmarkBaseline_RawSQL_OrderedMap_Dedupe-16                                       1128           2086093 ns/op          307852 B/op       9193 allocs/op
BenchmarkBaseline_RawSQL_OrderedMap_Dedupe-16                                       1124           2067012 ns/op          307850 B/op       9193 allocs/op
BenchmarkBaseline_RawSQL_OrderedMap_Dedupe-16                                       1138           2078598 ns/op          307865 B/op       9193 allocs/op
BenchmarkBaseline_RawSQL_OrderedMap_Dedupe-16                                       1128           2074693 ns/op          307851 B/op       9193 allocs/op
BenchmarkBaseline_RawSQL_OrderedMap_Dedupe-16                                       1131           2089206 ns/op          307853 B/op       9193 allocs/op
BenchmarkBaseline_RawQueryRows_OrderedMap_Dedupe-16                                 1106           2141281 ns/op          325998 B/op       9423 allocs/op
BenchmarkBaseline_RawQueryRows_OrderedMap_Dedupe-16                                 1093           2152637 ns/op          325867 B/op       9423 allocs/op
BenchmarkBaseline_RawQueryRows_OrderedMap_Dedupe-16                                 1110           2130311 ns/op          325955 B/op       9423 allocs/op
BenchmarkBaseline_RawQueryRows_OrderedMap_Dedupe-16                                 1090           2150039 ns/op          325938 B/op       9423 allocs/op
BenchmarkBaseline_RawQueryRows_OrderedMap_Dedupe-16                                 1113           2129034 ns/op          325975 B/op       9423 allocs/op
BenchmarkBaseline_RawQueryRows_OrderedMap_Dedupe-16                                 1117           2137197 ns/op          325393 B/op       9423 allocs/op
BenchmarkBaseline_RawQueryRows_OrderedMap_Dedupe-16                                 1084           2136486 ns/op          326162 B/op       9424 allocs/op
BenchmarkBaseline_RawQueryRows_OrderedMap_Dedupe-16                                 1110           2134950 ns/op          325758 B/op       9423 allocs/op
BenchmarkBaseline_RawQueryRows_OrderedMap_Dedupe-16                                 1081           2144865 ns/op          326181 B/op       9424 allocs/op
BenchmarkBaseline_RawQueryRows_OrderedMap_Dedupe-16                                 1104           2133445 ns/op          325516 B/op       9423 allocs/op
BenchmarkBaseline_QuerySet__Scan__Authors-16                                        1910           1188356 ns/op          136957 B/op       4218 allocs/op
BenchmarkBaseline_QuerySet__Scan__Authors-16                                        1909           1186848 ns/op          136955 B/op       4218 allocs/op
BenchmarkBaseline_QuerySet__Scan__Authors-16                                        1920           1186012 ns/op          136956 B/op       4218 allocs/op
BenchmarkBaseline_QuerySet__Scan__Authors-16                                        1926           1169411 ns/op          136960 B/op       4218 allocs/op
BenchmarkBaseline_QuerySet__Scan__Authors-16                                        1960           1186326 ns/op          136956 B/op       4218 allocs/op
BenchmarkBaseline_QuerySet__Scan__Authors-16                                        1887           1183512 ns/op          136954 B/op       4218 allocs/op
BenchmarkBaseline_QuerySet__Scan__Authors-16                                        1915           1185075 ns/op          136959 B/op       4218 allocs/op
BenchmarkBaseline_QuerySet__Scan__Authors-16                                        1923           1189866 ns/op          136954 B/op       4218 allocs/op
BenchmarkBaseline_QuerySet__Scan__Authors-16                                        1909           1188155 ns/op          136955 B/op       4218 allocs/op
BenchmarkBaseline_QuerySet__Scan__Authors-16                                        1905           1201646 ns/op          136955 B/op       4218 allocs/op
BenchmarkBaseline_QuerySet__Scan__Authors__Fields-16                                1089           2176994 ns/op          617757 B/op      12817 allocs/op
BenchmarkBaseline_QuerySet__Scan__Authors__Fields-16                                1087           2191165 ns/op          617746 B/op      12817 allocs/op
BenchmarkBaseline_QuerySet__Scan__Authors__Fields-16                                1093           2170747 ns/op          617749 B/op      12817 allocs/op
BenchmarkBaseline_QuerySet__Scan__Authors__Fields-16                                1088           2174783 ns/op          617749 B/op      12817 allocs/op
BenchmarkBaseline_QuerySet__Scan__Authors__Fields-16                                1063           2179498 ns/op          617747 B/op      12817 allocs/op
BenchmarkBaseline_QuerySet__Scan__Authors__Fields-16                                1094           2181056 ns/op          617753 B/op      12817 allocs/op
BenchmarkBaseline_QuerySet__Scan__Authors__Fields-16                                1069           2182242 ns/op          617754 B/op      12817 allocs/op
BenchmarkBaseline_QuerySet__Scan__Authors__Fields-16                                1089           2180690 ns/op          617753 B/op      12817 allocs/op
BenchmarkBaseline_QuerySet__Scan__Authors__Fields-16                                1062           2184713 ns/op          617759 B/op      12817 allocs/op
BenchmarkBaseline_QuerySet__Scan__Authors__Fields-16                                1098           2177245 ns/op          617750 B/op      12817 allocs/op
BenchmarkBaseline_QuerySet__Precompiled__Scan__Authors-16                           1998           1171924 ns/op          134296 B/op       4177 allocs/op
BenchmarkBaseline_QuerySet__Precompiled__Scan__Authors-16                           1956           1179208 ns/op          134291 B/op       4177 allocs/op
BenchmarkBaseline_QuerySet__Precompiled__Scan__Authors-16                           1938           1177808 ns/op          134293 B/op       4177 allocs/op
BenchmarkBaseline_QuerySet__Precompiled__Scan__Authors-16                           1870           1179733 ns/op          134290 B/op       4177 allocs/op
BenchmarkBaseline_QuerySet__Precompiled__Scan__Authors-16                           1917           1179991 ns/op          134290 B/op       4177 allocs/op
BenchmarkBaseline_QuerySet__Precompiled__Scan__Authors-16                           1953           1183192 ns/op          134295 B/op       4177 allocs/op
BenchmarkBaseline_QuerySet__Precompiled__Scan__Authors-16                           1916           1176586 ns/op          134295 B/op       4177 allocs/op
BenchmarkBaseline_QuerySet__Precompiled__Scan__Authors-16                           1984           1175586 ns/op          134292 B/op       4177 allocs/op
BenchmarkBaseline_QuerySet__Precompiled__Scan__Authors-16                           1936           1188804 ns/op          134294 B/op       4177 allocs/op
BenchmarkBaseline_QuerySet__Precompiled__Scan__Authors-16                           1935           1174912 ns/op          134294 B/op       4177 allocs/op
BenchmarkBaseline_QuerySet__OrderedMap_Dedupe-16                                    1120           2133190 ns/op          311936 B/op       9259 allocs/op
BenchmarkBaseline_QuerySet__OrderedMap_Dedupe-16                                    1042           2140972 ns/op          311932 B/op       9259 allocs/op
BenchmarkBaseline_QuerySet__OrderedMap_Dedupe-16                                    1114           2128675 ns/op          311929 B/op       9259 allocs/op
BenchmarkBaseline_QuerySet__OrderedMap_Dedupe-16                                    1105           2135892 ns/op          311930 B/op       9259 allocs/op
BenchmarkBaseline_QuerySet__OrderedMap_Dedupe-16                                    1125           2105458 ns/op          311934 B/op       9259 allocs/op
BenchmarkBaseline_QuerySet__OrderedMap_Dedupe-16                                    1100           2115732 ns/op          311937 B/op       9259 allocs/op
BenchmarkBaseline_QuerySet__OrderedMap_Dedupe-16                                    1141           2087790 ns/op          311939 B/op       9259 allocs/op
BenchmarkBaseline_QuerySet__OrderedMap_Dedupe-16                                    1105           2106681 ns/op          311934 B/op       9259 allocs/op
BenchmarkBaseline_QuerySet__OrderedMap_Dedupe-16                                    1110           2131940 ns/op          311939 B/op       9259 allocs/op
BenchmarkBaseline_QuerySet__OrderedMap_Dedupe-16                                    1104           2125657 ns/op          311941 B/op       9259 allocs/op
BenchmarkBaseline_QuerySet__Authors-16                                               800           3011747 ns/op          856733 B/op      17643 allocs/op
BenchmarkBaseline_QuerySet__Authors-16                                               786           2997336 ns/op          856733 B/op      17643 allocs/op
BenchmarkBaseline_QuerySet__Authors-16                                               790           2985647 ns/op          856733 B/op      17643 allocs/op
BenchmarkBaseline_QuerySet__Authors-16                                               788           2999874 ns/op          856734 B/op      17643 allocs/op
BenchmarkBaseline_QuerySet__Authors-16                                               800           2976518 ns/op          856738 B/op      17643 allocs/op
BenchmarkBaseline_QuerySet__Authors-16                                               798           2991815 ns/op          856731 B/op      17643 allocs/op
BenchmarkBaseline_QuerySet__Authors-16                                               805           2960114 ns/op          856732 B/op      17643 allocs/op
BenchmarkBaseline_QuerySet__Authors-16                                               804           2981100 ns/op          856742 B/op      17643 allocs/op
BenchmarkBaseline_QuerySet__Authors-16                                               795           2973429 ns/op          856735 B/op      17643 allocs/op
BenchmarkBaseline_QuerySet__Authors-16                                               790           2991701 ns/op          856736 B/op      17643 allocs/op
BenchmarkBaseline_QuerySet__Authors__ValuesList-16                                  1015           2330701 ns/op          711034 B/op      15844 allocs/op
BenchmarkBaseline_QuerySet__Authors__ValuesList-16                                  1005           2341497 ns/op          711031 B/op      15844 allocs/op
BenchmarkBaseline_QuerySet__Authors__ValuesList-16                                  1023           2327767 ns/op          711030 B/op      15844 allocs/op
BenchmarkBaseline_QuerySet__Authors__ValuesList-16                                  1018           2322268 ns/op          711034 B/op      15844 allocs/op
BenchmarkBaseline_QuerySet__Authors__ValuesList-16                                  1003           2330387 ns/op          711039 B/op      15844 allocs/op
BenchmarkBaseline_QuerySet__Authors__ValuesList-16                                  1017           2319812 ns/op          711028 B/op      15844 allocs/op
BenchmarkBaseline_QuerySet__Authors__ValuesList-16                                  1010           2327574 ns/op          711028 B/op      15844 allocs/op
BenchmarkBaseline_QuerySet__Authors__ValuesList-16                                  1023           2320731 ns/op          711031 B/op      15844 allocs/op
BenchmarkBaseline_QuerySet__Authors__ValuesList-16                                   990           2344141 ns/op          711028 B/op      15844 allocs/op
BenchmarkBaseline_QuerySet__Authors__ValuesList-16                                  1014           2329177 ns/op          711028 B/op      15844 allocs/op
BenchmarkBaseline_QuerySet__Authors__ValuesList__InitInLoop-16                      1011           2341895 ns/op          716387 B/op      15918 allocs/op
BenchmarkBaseline_QuerySet__Authors__ValuesList__InitInLoop-16                      1012           2367003 ns/op          716393 B/op      15918 allocs/op
BenchmarkBaseline_QuerySet__Authors__ValuesList__InitInLoop-16                       979           2364641 ns/op          716401 B/op      15918 allocs/op
BenchmarkBaseline_QuerySet__Authors__ValuesList__InitInLoop-16                      1017           2351855 ns/op          716392 B/op      15918 allocs/op
BenchmarkBaseline_QuerySet__Authors__ValuesList__InitInLoop-16                      1004           2349159 ns/op          716388 B/op      15918 allocs/op
BenchmarkBaseline_QuerySet__Authors__ValuesList__InitInLoop-16                      1004           2347819 ns/op          716387 B/op      15918 allocs/op
BenchmarkBaseline_QuerySet__Authors__ValuesList__InitInLoop-16                      1009           2349544 ns/op          716394 B/op      15918 allocs/op
BenchmarkBaseline_QuerySet__Authors__ValuesList__InitInLoop-16                      1008           2336571 ns/op          716387 B/op      15918 allocs/op
BenchmarkBaseline_QuerySet__Authors__ValuesList__InitInLoop-16                      1016           2338668 ns/op          716390 B/op      15918 allocs/op
BenchmarkBaseline_QuerySet__Authors__ValuesList__InitInLoop-16                      1009           2330858 ns/op          716390 B/op      15918 allocs/op
BenchmarkBaseline_QuerySet__Books-16                                                 582           4128134 ns/op         1462482 B/op      26906 allocs/op
BenchmarkBaseline_QuerySet__Books-16                                                 574           4130885 ns/op         1462478 B/op      26906 allocs/op
BenchmarkBaseline_QuerySet__Books-16                                                 579           4134415 ns/op         1462491 B/op      26906 allocs/op
BenchmarkBaseline_QuerySet__Books-16                                                 584           4112356 ns/op         1462483 B/op      26906 allocs/op
BenchmarkBaseline_QuerySet__Books-16                                                 580           4145269 ns/op         1462483 B/op      26906 allocs/op
BenchmarkBaseline_QuerySet__Books-16                                                 570           4152460 ns/op         1462481 B/op      26906 allocs/op
BenchmarkBaseline_QuerySet__Books-16                                                 555           4277170 ns/op         1462488 B/op      26906 allocs/op
BenchmarkBaseline_QuerySet__Books-16                                                 558           4191453 ns/op         1462489 B/op      26906 allocs/op
BenchmarkBaseline_QuerySet__Books-16                                                 570           4143948 ns/op         1462489 B/op      26906 allocs/op
BenchmarkBaseline_QuerySet__Books-16                                                 571           4150009 ns/op         1462484 B/op      26906 allocs/op
BenchmarkBaseline_QuerySet__WithModel__Authors-16                                    565           4214252 ns/op         1425844 B/op      30668 allocs/op
BenchmarkBaseline_QuerySet__WithModel__Authors-16                                    554           4231703 ns/op         1425832 B/op      30668 allocs/op
BenchmarkBaseline_QuerySet__WithModel__Authors-16                                    564           4222120 ns/op         1425841 B/op      30668 allocs/op
BenchmarkBaseline_QuerySet__WithModel__Authors-16                                    561           4247957 ns/op         1425830 B/op      30668 allocs/op
BenchmarkBaseline_QuerySet__WithModel__Authors-16                                    562           4218790 ns/op         1425829 B/op      30668 allocs/op
BenchmarkBaseline_QuerySet__WithModel__Authors-16                                    567           4229541 ns/op         1425830 B/op      30668 allocs/op
BenchmarkBaseline_QuerySet__WithModel__Authors-16                                    564           4212975 ns/op         1425836 B/op      30668 allocs/op
BenchmarkBaseline_QuerySet__WithModel__Authors-16                                    562           4237844 ns/op         1425827 B/op      30668 allocs/op
BenchmarkBaseline_QuerySet__WithModel__Authors-16                                    566           4199009 ns/op         1425834 B/op      30668 allocs/op
BenchmarkBaseline_QuerySet__WithModel__Authors-16                                    564           4242880 ns/op         1425822 B/op      30668 allocs/op
BenchmarkBaseline_QuerySet__WithModel__Books-16                                      426           5599619 ns/op         2258957 B/op      46419 allocs/op
BenchmarkBaseline_QuerySet__WithModel__Books-16                                      427           5619142 ns/op         2258944 B/op      46419 allocs/op
BenchmarkBaseline_QuerySet__WithModel__Books-16                                      424           5607657 ns/op         2258944 B/op      46419 allocs/op
BenchmarkBaseline_QuerySet__WithModel__Books-16                                      424           5789581 ns/op         2258942 B/op      46419 allocs/op
BenchmarkBaseline_QuerySet__WithModel__Books-16                                      406           5860637 ns/op         2258947 B/op      46419 allocs/op
BenchmarkBaseline_QuerySet__WithModel__Books-16                                      414           5725186 ns/op         2258952 B/op      46419 allocs/op
BenchmarkBaseline_QuerySet__WithModel__Books-16                                      420           5700343 ns/op         2258944 B/op      46419 allocs/op
BenchmarkBaseline_QuerySet__WithModel__Books-16                                      423           5674663 ns/op         2258949 B/op      46419 allocs/op
BenchmarkBaseline_QuerySet__WithModel__Books-16                                      423           5625943 ns/op         2258943 B/op      46419 allocs/op
BenchmarkBaseline_QuerySet__WithModel__Books-16                                      416           5839022 ns/op         2258944 B/op      46419 allocs/op
BenchmarkFastAttrsQuerySetForeignKeys__NoPreload__Authors-16                         663           3602432 ns/op         1277561 B/op      24656 allocs/op
BenchmarkFastAttrsQuerySetForeignKeys__NoPreload__Authors-16                         672           4008120 ns/op         1277557 B/op      24656 allocs/op
BenchmarkFastAttrsQuerySetForeignKeys__NoPreload__Authors-16                         366           6310360 ns/op         1277571 B/op      24656 allocs/op
BenchmarkFastAttrsQuerySetForeignKeys__NoPreload__Authors-16                         392           6287010 ns/op         1277569 B/op      24656 allocs/op
BenchmarkFastAttrsQuerySetForeignKeys__NoPreload__Authors-16                         388           6356414 ns/op         1277559 B/op      24656 allocs/op
BenchmarkFastAttrsQuerySetForeignKeys__NoPreload__Authors-16                         367           6408019 ns/op         1277569 B/op      24656 allocs/op
BenchmarkFastAttrsQuerySetForeignKeys__NoPreload__Authors-16                         370           6194856 ns/op         1277560 B/op      24656 allocs/op
BenchmarkFastAttrsQuerySetForeignKeys__NoPreload__Authors-16                         396           6070219 ns/op         1277552 B/op      24656 allocs/op
BenchmarkFastAttrsQuerySetForeignKeys__NoPreload__Authors-16                         381           6129354 ns/op         1277556 B/op      24656 allocs/op
BenchmarkFastAttrsQuerySetForeignKeys__NoPreload__Authors-16                         392           6064374 ns/op         1277558 B/op      24656 allocs/op
BenchmarkFastAttrsQuerySetForeignKeys__NoPreload__Books-16                           438           5463908 ns/op         1079984 B/op      20402 allocs/op
BenchmarkFastAttrsQuerySetForeignKeys__NoPreload__Books-16                           442           5349246 ns/op         1079972 B/op      20402 allocs/op
BenchmarkFastAttrsQuerySetForeignKeys__NoPreload__Books-16                           439           5428933 ns/op         1079984 B/op      20402 allocs/op
BenchmarkFastAttrsQuerySetForeignKeys__NoPreload__Books-16                           436           5386694 ns/op         1079977 B/op      20402 allocs/op
BenchmarkFastAttrsQuerySetForeignKeys__NoPreload__Books-16                           445           5383827 ns/op         1079976 B/op      20402 allocs/op
BenchmarkFastAttrsQuerySetForeignKeys__NoPreload__Books-16                           442           5361309 ns/op         1079988 B/op      20402 allocs/op
BenchmarkFastAttrsQuerySetForeignKeys__NoPreload__Books-16                           447           5408402 ns/op         1079976 B/op      20402 allocs/op
BenchmarkFastAttrsQuerySetForeignKeys__NoPreload__Books-16                           442           5362007 ns/op         1079980 B/op      20402 allocs/op
BenchmarkFastAttrsQuerySetForeignKeys__NoPreload__Books-16                           445           5391048 ns/op         1079975 B/op      20402 allocs/op
BenchmarkFastAttrsQuerySetForeignKeys__NoPreload__Books-16                           448           5347835 ns/op         1079982 B/op      20402 allocs/op
BenchmarkFastAttrsQuerySetForeignKeys__Select__OneToX-16                             237          10091445 ns/op         2714073 B/op      46518 allocs/op
BenchmarkFastAttrsQuerySetForeignKeys__Select__OneToX-16                             237          10052183 ns/op         2714056 B/op      46518 allocs/op
BenchmarkFastAttrsQuerySetForeignKeys__Select__OneToX-16                             240          10102755 ns/op         2714061 B/op      46518 allocs/op
BenchmarkFastAttrsQuerySetForeignKeys__Select__OneToX-16                             225          10475133 ns/op         2714060 B/op      46518 allocs/op
BenchmarkFastAttrsQuerySetForeignKeys__Select__OneToX-16                             229          10467782 ns/op         2714052 B/op      46518 allocs/op
BenchmarkFastAttrsQuerySetForeignKeys__Select__OneToX-16                             234          10140409 ns/op         2714053 B/op      46518 allocs/op
BenchmarkFastAttrsQuerySetForeignKeys__Select__OneToX-16                             226          10550837 ns/op         2714058 B/op      46518 allocs/op
BenchmarkFastAttrsQuerySetForeignKeys__Select__OneToX-16                             225          10534575 ns/op         2714048 B/op      46518 allocs/op
BenchmarkFastAttrsQuerySetForeignKeys__Select__OneToX-16                             232          10129056 ns/op         2714055 B/op      46518 allocs/op
BenchmarkFastAttrsQuerySetForeignKeys__Select__OneToX-16                             234          10197835 ns/op         2714067 B/op      46518 allocs/op
BenchmarkFastAttrsQuerySetForeignKeys__Select__OneToOne-16                           258           9317796 ns/op         2460901 B/op      46000 allocs/op
BenchmarkFastAttrsQuerySetForeignKeys__Select__OneToOne-16                           255           9442587 ns/op         2460893 B/op      46000 allocs/op
BenchmarkFastAttrsQuerySetForeignKeys__Select__OneToOne-16                           256           9214848 ns/op         2460899 B/op      46000 allocs/op
BenchmarkFastAttrsQuerySetForeignKeys__Select__OneToOne-16                           248           8151868 ns/op         2460900 B/op      46000 allocs/op
BenchmarkFastAttrsQuerySetForeignKeys__Select__OneToOne-16                           393           5763728 ns/op         2460894 B/op      46000 allocs/op
BenchmarkFastAttrsQuerySetForeignKeys__Select__OneToOne-16                           423           5730036 ns/op         2460899 B/op      46000 allocs/op
BenchmarkFastAttrsQuerySetForeignKeys__Select__OneToOne-16                           268           9100412 ns/op         2460890 B/op      46000 allocs/op
BenchmarkFastAttrsQuerySetForeignKeys__Select__OneToOne-16                           259           9199305 ns/op         2460893 B/op      46000 allocs/op
BenchmarkFastAttrsQuerySetForeignKeys__Select__OneToOne-16                           254           9235717 ns/op         2460904 B/op      46000 allocs/op
BenchmarkFastAttrsQuerySetForeignKeys__Select__OneToOne-16                           261           9100908 ns/op         2460904 B/op      46000 allocs/op
BenchmarkFastAttrsQuerySetForeignKeys__Select__OneToX__InitInLoop-16                 234          10304363 ns/op         2724004 B/op      46666 allocs/op
BenchmarkFastAttrsQuerySetForeignKeys__Select__OneToX__InitInLoop-16                 232          10167545 ns/op         2723988 B/op      46666 allocs/op
BenchmarkFastAttrsQuerySetForeignKeys__Select__OneToX__InitInLoop-16                 234          10323779 ns/op         2724011 B/op      46666 allocs/op
BenchmarkFastAttrsQuerySetForeignKeys__Select__OneToX__InitInLoop-16                 237           9310192 ns/op         2723987 B/op      46666 allocs/op
BenchmarkFastAttrsQuerySetForeignKeys__Select__OneToX__InitInLoop-16                 219          10617283 ns/op         2724013 B/op      46667 allocs/op
BenchmarkFastAttrsQuerySetForeignKeys__Select__OneToX__InitInLoop-16                 238          10057975 ns/op         2724014 B/op      46666 allocs/op
BenchmarkFastAttrsQuerySetForeignKeys__Select__OneToX__InitInLoop-16                 240          10191240 ns/op         2723986 B/op      46666 allocs/op
BenchmarkFastAttrsQuerySetForeignKeys__Select__OneToX__InitInLoop-16                 240          10020822 ns/op         2724009 B/op      46666 allocs/op
BenchmarkFastAttrsQuerySetForeignKeys__Select__OneToX__InitInLoop-16                 234          10167424 ns/op         2724010 B/op      46666 allocs/op
BenchmarkFastAttrsQuerySetForeignKeys__Select__OneToX__InitInLoop-16                 238          10092224 ns/op         2724000 B/op      46666 allocs/op
BenchmarkFastAttrsQuerySetForeignKeys__Select__OneToOne__InitInLoop-16               260           9352157 ns/op         2470312 B/op      46137 allocs/op
BenchmarkFastAttrsQuerySetForeignKeys__Select__OneToOne__InitInLoop-16               261           9157282 ns/op         2470333 B/op      46137 allocs/op
BenchmarkFastAttrsQuerySetForeignKeys__Select__OneToOne__InitInLoop-16               260           9242927 ns/op         2470309 B/op      46137 allocs/op
BenchmarkFastAttrsQuerySetForeignKeys__Select__OneToOne__InitInLoop-16               261           9128990 ns/op         2470323 B/op      46137 allocs/op
BenchmarkFastAttrsQuerySetForeignKeys__Select__OneToOne__InitInLoop-16               259           9329085 ns/op         2470309 B/op      46137 allocs/op
BenchmarkFastAttrsQuerySetForeignKeys__Select__OneToOne__InitInLoop-16               260           9188304 ns/op         2470305 B/op      46137 allocs/op
BenchmarkFastAttrsQuerySetForeignKeys__Select__OneToOne__InitInLoop-16               259           9295157 ns/op         2470325 B/op      46137 allocs/op
BenchmarkFastAttrsQuerySetForeignKeys__Select__OneToOne__InitInLoop-16               259           9167655 ns/op         2470328 B/op      46137 allocs/op
BenchmarkFastAttrsQuerySetForeignKeys__Select__OneToOne__InitInLoop-16               260           9257823 ns/op         2470309 B/op      46137 allocs/op
BenchmarkFastAttrsQuerySetForeignKeys__Select__OneToOne__InitInLoop-16               255           9247102 ns/op         2470330 B/op      46137 allocs/op
BenchmarkFastAttrsQuerySetForeignKeys__Preload__OneToX-16                            162          14798571 ns/op         4396447 B/op      76465 allocs/op
BenchmarkFastAttrsQuerySetForeignKeys__Preload__OneToX-16                            159          14829625 ns/op         4396572 B/op      76466 allocs/op
BenchmarkFastAttrsQuerySetForeignKeys__Preload__OneToX-16                            163          14764247 ns/op         4396526 B/op      76466 allocs/op
BenchmarkFastAttrsQuerySetForeignKeys__Preload__OneToX-16                            162          14717563 ns/op         4396471 B/op      76466 allocs/op
BenchmarkFastAttrsQuerySetForeignKeys__Preload__OneToX-16                            163          14663901 ns/op         4396482 B/op      76466 allocs/op
BenchmarkFastAttrsQuerySetForeignKeys__Preload__OneToX-16                            162          14772869 ns/op         4396507 B/op      76466 allocs/op
BenchmarkFastAttrsQuerySetForeignKeys__Preload__OneToX-16                            162          14695708 ns/op         4396451 B/op      76465 allocs/op
BenchmarkFastAttrsQuerySetForeignKeys__Preload__OneToX-16                            160          14767399 ns/op         4396500 B/op      76466 allocs/op
BenchmarkFastAttrsQuerySetForeignKeys__Preload__OneToX-16                            163          14647545 ns/op         4396460 B/op      76465 allocs/op
BenchmarkFastAttrsQuerySetForeignKeys__Preload__OneToX-16                            160          15012780 ns/op         4396535 B/op      76466 allocs/op
BenchmarkFastAttrsQuerySetForeignKeys__Preload__OneToOne-16                          259           9266851 ns/op         2460892 B/op      46000 allocs/op
BenchmarkFastAttrsQuerySetForeignKeys__Preload__OneToOne-16                          261           9268949 ns/op         2460900 B/op      46000 allocs/op
BenchmarkFastAttrsQuerySetForeignKeys__Preload__OneToOne-16                          258           9165384 ns/op         2460896 B/op      46000 allocs/op
BenchmarkFastAttrsQuerySetForeignKeys__Preload__OneToOne-16                          259           9270043 ns/op         2460916 B/op      46000 allocs/op
BenchmarkFastAttrsQuerySetForeignKeys__Preload__OneToOne-16                          256           9196304 ns/op         2460902 B/op      46000 allocs/op
BenchmarkFastAttrsQuerySetForeignKeys__Preload__OneToOne-16                          247           9689629 ns/op         2460906 B/op      46000 allocs/op
BenchmarkFastAttrsQuerySetForeignKeys__Preload__OneToOne-16                          258           8541632 ns/op         2460913 B/op      46000 allocs/op
BenchmarkFastAttrsQuerySetForeignKeys__Preload__OneToOne-16                          396           5807896 ns/op         2460898 B/op      46000 allocs/op
BenchmarkFastAttrsQuerySetForeignKeys__Preload__OneToOne-16                          418           5667497 ns/op         2460899 B/op      46000 allocs/op
BenchmarkFastAttrsQuerySetForeignKeys__Preload__OneToOne-16                          428           5611422 ns/op         2460891 B/op      46000 allocs/op
BenchmarkFastAttrsQuerySetManyToMany__NoPreload-16                                  2606            902880 ns/op          331888 B/op       5982 allocs/op
BenchmarkFastAttrsQuerySetManyToMany__NoPreload-16                                  2733            881312 ns/op          331886 B/op       5982 allocs/op
BenchmarkFastAttrsQuerySetManyToMany__NoPreload-16                                  2668            878162 ns/op          331882 B/op       5982 allocs/op
BenchmarkFastAttrsQuerySetManyToMany__NoPreload-16                                  2690            874912 ns/op          331882 B/op       5982 allocs/op
BenchmarkFastAttrsQuerySetManyToMany__NoPreload-16                                  2671            882129 ns/op          331881 B/op       5982 allocs/op
BenchmarkFastAttrsQuerySetManyToMany__NoPreload-16                                  2694            876548 ns/op          331887 B/op       5982 allocs/op
BenchmarkFastAttrsQuerySetManyToMany__NoPreload-16                                  2578            886324 ns/op          331887 B/op       5982 allocs/op
BenchmarkFastAttrsQuerySetManyToMany__NoPreload-16                                  2576            888396 ns/op          331887 B/op       5982 allocs/op
BenchmarkFastAttrsQuerySetManyToMany__NoPreload-16                                  2642            886475 ns/op          331880 B/op       5982 allocs/op
BenchmarkFastAttrsQuerySetManyToMany__NoPreload-16                                  2656            882666 ns/op          331887 B/op       5982 allocs/op
BenchmarkFastAttrsQuerySetManyToMany__Select-16                                      150          15925290 ns/op         7396262 B/op     124523 allocs/op
BenchmarkFastAttrsQuerySetManyToMany__Select-16                                      150          15906058 ns/op         7396254 B/op     124523 allocs/op
BenchmarkFastAttrsQuerySetManyToMany__Select-16                                      151          15842919 ns/op         7396228 B/op     124523 allocs/op
BenchmarkFastAttrsQuerySetManyToMany__Select-16                                      150          15881531 ns/op         7396223 B/op     124523 allocs/op
BenchmarkFastAttrsQuerySetManyToMany__Select-16                                      150          15976817 ns/op         7396230 B/op     124523 allocs/op
BenchmarkFastAttrsQuerySetManyToMany__Select-16                                      150          15922645 ns/op         7396243 B/op     124523 allocs/op
BenchmarkFastAttrsQuerySetManyToMany__Select-16                                      150          15939187 ns/op         7396254 B/op     124523 allocs/op
BenchmarkFastAttrsQuerySetManyToMany__Select-16                                      150          15845447 ns/op         7396233 B/op     124523 allocs/op
BenchmarkFastAttrsQuerySetManyToMany__Select-16                                      151          15848109 ns/op         7396240 B/op     124523 allocs/op
BenchmarkFastAttrsQuerySetManyToMany__Select-16                                      150          15898547 ns/op         7396231 B/op     124523 allocs/op
BenchmarkFastAttrsQuerySetManyToMany__Select__Deep-16                                 16         137923125 ns/op        45688288 B/op     861269 allocs/op
BenchmarkFastAttrsQuerySetManyToMany__Select__Deep-16                                 16         136301850 ns/op        45688303 B/op     861269 allocs/op
BenchmarkFastAttrsQuerySetManyToMany__Select__Deep-16                                 16         140226681 ns/op        45688231 B/op     861269 allocs/op
BenchmarkFastAttrsQuerySetManyToMany__Select__Deep-16                                 16         139468125 ns/op        45688329 B/op     861270 allocs/op
BenchmarkFastAttrsQuerySetManyToMany__Select__Deep-16                                 16         137923375 ns/op        45688339 B/op     861269 allocs/op
BenchmarkFastAttrsQuerySetManyToMany__Select__Deep-16                                 16         137000819 ns/op        45688343 B/op     861270 allocs/op
BenchmarkFastAttrsQuerySetManyToMany__Select__Deep-16                                 16         136208169 ns/op        45688388 B/op     861270 allocs/op
BenchmarkFastAttrsQuerySetManyToMany__Select__Deep-16                                 16         173507731 ns/op        45688327 B/op     861270 allocs/op
BenchmarkFastAttrsQuerySetManyToMany__Select__Deep-16                                 10         218465360 ns/op        45688339 B/op     861270 allocs/op
BenchmarkFastAttrsQuerySetManyToMany__Select__Deep-16                                 10         222228780 ns/op        45688332 B/op     861270 allocs/op
BenchmarkFastAttrsQuerySetManyToMany__Preload-16                                      96          23627107 ns/op         7366216 B/op     120752 allocs/op
BenchmarkFastAttrsQuerySetManyToMany__Preload-16                                     100          23659553 ns/op         7366334 B/op     120753 allocs/op
BenchmarkFastAttrsQuerySetManyToMany__Preload-16                                     100          23944855 ns/op         7366182 B/op     120752 allocs/op
BenchmarkFastAttrsQuerySetManyToMany__Preload-16                                      99          23220108 ns/op         7366271 B/op     120752 allocs/op
BenchmarkFastAttrsQuerySetManyToMany__Preload-16                                     100          23355154 ns/op         7366274 B/op     120752 allocs/op
BenchmarkFastAttrsQuerySetManyToMany__Preload-16                                     100          23379320 ns/op         7366343 B/op     120753 allocs/op
BenchmarkFastAttrsQuerySetManyToMany__Preload-16                                     100          23276259 ns/op         7366400 B/op     120753 allocs/op
BenchmarkFastAttrsQuerySetManyToMany__Preload-16                                     100          23413359 ns/op         7366226 B/op     120752 allocs/op
BenchmarkFastAttrsQuerySetManyToMany__Preload-16                                     100          23377754 ns/op         7366277 B/op     120752 allocs/op
BenchmarkFastAttrsQuerySetManyToMany__Preload-16                                     100          23111396 ns/op         7366442 B/op     120754 allocs/op
BenchmarkFastAttrsQuerySetManyToMany__Preload__Deep-16                                49          47823786 ns/op        16474120 B/op     258486 allocs/op
BenchmarkFastAttrsQuerySetManyToMany__Preload__Deep-16                                50          47149222 ns/op        16474088 B/op     258486 allocs/op
BenchmarkFastAttrsQuerySetManyToMany__Preload__Deep-16                                46          47869250 ns/op        16475052 B/op     258489 allocs/op
BenchmarkFastAttrsQuerySetManyToMany__Preload__Deep-16                                49          47376290 ns/op        16474059 B/op     258487 allocs/op
BenchmarkFastAttrsQuerySetManyToMany__Preload__Deep-16                                48          47750802 ns/op        16474700 B/op     258487 allocs/op
BenchmarkFastAttrsQuerySetManyToMany__Preload__Deep-16                                46          47305126 ns/op        16473388 B/op     258486 allocs/op
BenchmarkFastAttrsQuerySetManyToMany__Preload__Deep-16                                44          47276652 ns/op        16474170 B/op     258487 allocs/op
BenchmarkFastAttrsQuerySetManyToMany__Preload__Deep-16                                46          48117130 ns/op        16474484 B/op     258486 allocs/op
BenchmarkFastAttrsQuerySetManyToMany__Preload__Deep-16                                48          47400173 ns/op        16473876 B/op     258486 allocs/op
BenchmarkFastAttrsQuerySetManyToMany__Preload__Deep-16                                48          48110823 ns/op        16474128 B/op     258489 allocs/op
BenchmarkFastAttrsQuerySetO2ONoThrough__Select-16                                    256           9307054 ns/op         2418954 B/op      45201 allocs/op
BenchmarkFastAttrsQuerySetO2ONoThrough__Select-16                                    258           9359020 ns/op         2418935 B/op      45201 allocs/op
BenchmarkFastAttrsQuerySetO2ONoThrough__Select-16                                    256           9293443 ns/op         2418895 B/op      45201 allocs/op
BenchmarkFastAttrsQuerySetO2ONoThrough__Select-16                                    258           9367226 ns/op         2418889 B/op      45201 allocs/op
BenchmarkFastAttrsQuerySetO2ONoThrough__Select-16                                    256           9253015 ns/op         2418882 B/op      45201 allocs/op
BenchmarkFastAttrsQuerySetO2ONoThrough__Select-16                                    260           9274739 ns/op         2418886 B/op      45201 allocs/op
BenchmarkFastAttrsQuerySetO2ONoThrough__Select-16                                    256           9282551 ns/op         2418884 B/op      45201 allocs/op
BenchmarkFastAttrsQuerySetO2ONoThrough__Select-16                                    256           9373456 ns/op         2418886 B/op      45201 allocs/op
BenchmarkFastAttrsQuerySetO2ONoThrough__Select-16                                    256           9256195 ns/op         2418884 B/op      45201 allocs/op
BenchmarkFastAttrsQuerySetO2ONoThrough__Select-16                                    258           9338600 ns/op         2418890 B/op      45201 allocs/op
BenchmarkFastAttrsQuerySetO2ONoThrough__Preload-16                                   260           9226093 ns/op         2418892 B/op      45201 allocs/op
BenchmarkFastAttrsQuerySetO2ONoThrough__Preload-16                                   258           9317105 ns/op         2418904 B/op      45201 allocs/op
BenchmarkFastAttrsQuerySetO2ONoThrough__Preload-16                                   253           9372299 ns/op         2418901 B/op      45201 allocs/op
BenchmarkFastAttrsQuerySetO2ONoThrough__Preload-16                                   258           9201646 ns/op         2418892 B/op      45201 allocs/op
BenchmarkFastAttrsQuerySetO2ONoThrough__Preload-16                                   252           9402004 ns/op         2418917 B/op      45201 allocs/op
BenchmarkFastAttrsQuerySetO2ONoThrough__Preload-16                                   256           9283671 ns/op         2418905 B/op      45201 allocs/op
BenchmarkFastAttrsQuerySetO2ONoThrough__Preload-16                                   249           9350116 ns/op         2418884 B/op      45201 allocs/op
BenchmarkFastAttrsQuerySetO2ONoThrough__Preload-16                                   258           9289294 ns/op         2418884 B/op      45201 allocs/op
BenchmarkFastAttrsQuerySetO2ONoThrough__Preload-16                                   253           9382915 ns/op         2418883 B/op      45201 allocs/op
BenchmarkFastAttrsQuerySetO2ONoThrough__Preload-16                                   256           9431303 ns/op         2418893 B/op      45201 allocs/op
BenchmarkFastAttrsQuerySetO2ONoThrough__Select__Reverse-16                           249           9643722 ns/op         2426681 B/op      46184 allocs/op
BenchmarkFastAttrsQuerySetO2ONoThrough__Select__Reverse-16                           246           9636104 ns/op         2426660 B/op      46184 allocs/op
BenchmarkFastAttrsQuerySetO2ONoThrough__Select__Reverse-16                           247           9567634 ns/op         2426697 B/op      46184 allocs/op
BenchmarkFastAttrsQuerySetO2ONoThrough__Select__Reverse-16                           253           9458884 ns/op         2426667 B/op      46184 allocs/op
BenchmarkFastAttrsQuerySetO2ONoThrough__Select__Reverse-16                           247           9589500 ns/op         2426657 B/op      46184 allocs/op
BenchmarkFastAttrsQuerySetO2ONoThrough__Select__Reverse-16                           252           9473708 ns/op         2426658 B/op      46184 allocs/op
BenchmarkFastAttrsQuerySetO2ONoThrough__Select__Reverse-16                           253           9548208 ns/op         2426676 B/op      46184 allocs/op
BenchmarkFastAttrsQuerySetO2ONoThrough__Select__Reverse-16                           244           9693520 ns/op         2426656 B/op      46184 allocs/op
BenchmarkFastAttrsQuerySetO2ONoThrough__Select__Reverse-16                           244           9687102 ns/op         2426653 B/op      46184 allocs/op
BenchmarkFastAttrsQuerySetO2ONoThrough__Select__Reverse-16                           254           9438356 ns/op         2426667 B/op      46184 allocs/op
BenchmarkFastAttrsQuerySetO2ONoThrough__Preload__Reverse-16                          242           9920438 ns/op         2426663 B/op      46184 allocs/op
BenchmarkFastAttrsQuerySetO2ONoThrough__Preload__Reverse-16                          241           9707611 ns/op         2426660 B/op      46184 allocs/op
BenchmarkFastAttrsQuerySetO2ONoThrough__Preload__Reverse-16                          246           9681438 ns/op         2426663 B/op      46184 allocs/op
BenchmarkFastAttrsQuerySetO2ONoThrough__Preload__Reverse-16                          250           9463261 ns/op         2426673 B/op      46184 allocs/op
BenchmarkFastAttrsQuerySetO2ONoThrough__Preload__Reverse-16                          249           8822887 ns/op         2426666 B/op      46184 allocs/op
BenchmarkFastAttrsQuerySetO2ONoThrough__Preload__Reverse-16                          408           5823366 ns/op         2426670 B/op      46184 allocs/op
BenchmarkFastAttrsQuerySetO2ONoThrough__Preload__Reverse-16                          410           5841551 ns/op         2426654 B/op      46184 allocs/op
BenchmarkFastAttrsQuerySetO2ONoThrough__Preload__Reverse-16                          403           5860797 ns/op         2426672 B/op      46184 allocs/op
BenchmarkFastAttrsQuerySetO2ONoThrough__Preload__Reverse-16                          249           9481493 ns/op         2426665 B/op      46184 allocs/op
BenchmarkFastAttrsQuerySetO2ONoThrough__Preload__Reverse-16                          253           9515471 ns/op         2426658 B/op      46184 allocs/op
BenchmarkQuerySetForeignKeys__NoPreload__Authors-16                                  331           7288607 ns/op         1425830 B/op      30668 allocs/op
BenchmarkQuerySetForeignKeys__NoPreload__Authors-16                                  326           7432468 ns/op         1425829 B/op      30668 allocs/op
BenchmarkQuerySetForeignKeys__NoPreload__Authors-16                                  326           7346895 ns/op         1425843 B/op      30668 allocs/op
BenchmarkQuerySetForeignKeys__NoPreload__Authors-16                                  325           7425952 ns/op         1425837 B/op      30668 allocs/op
BenchmarkQuerySetForeignKeys__NoPreload__Authors-16                                  330           7278728 ns/op         1425836 B/op      30668 allocs/op
BenchmarkQuerySetForeignKeys__NoPreload__Authors-16                                  504           4633233 ns/op         1425826 B/op      30668 allocs/op
BenchmarkQuerySetForeignKeys__NoPreload__Authors-16                                  560           4292108 ns/op         1425825 B/op      30668 allocs/op
BenchmarkQuerySetForeignKeys__NoPreload__Authors-16                                  561           4261454 ns/op         1425836 B/op      30668 allocs/op
BenchmarkQuerySetForeignKeys__NoPreload__Authors-16                                  561           4222273 ns/op         1425830 B/op      30668 allocs/op
BenchmarkQuerySetForeignKeys__NoPreload__Authors-16                                  559           4276847 ns/op         1425821 B/op      30668 allocs/op
BenchmarkQuerySetForeignKeys__NoPreload__Books-16                                    422           5612913 ns/op         2258948 B/op      46419 allocs/op
BenchmarkQuerySetForeignKeys__NoPreload__Books-16                                    423           5617387 ns/op         2258942 B/op      46419 allocs/op
BenchmarkQuerySetForeignKeys__NoPreload__Books-16                                    426           5628174 ns/op         2258952 B/op      46419 allocs/op
BenchmarkQuerySetForeignKeys__NoPreload__Books-16                                    424           5602656 ns/op         2258956 B/op      46419 allocs/op
BenchmarkQuerySetForeignKeys__NoPreload__Books-16                                    423           5641121 ns/op         2258937 B/op      46419 allocs/op
BenchmarkQuerySetForeignKeys__NoPreload__Books-16                                    424           5606089 ns/op         2258940 B/op      46419 allocs/op
BenchmarkQuerySetForeignKeys__NoPreload__Books-16                                    421           5670386 ns/op         2258942 B/op      46419 allocs/op
BenchmarkQuerySetForeignKeys__NoPreload__Books-16                                    424           5626196 ns/op         2258940 B/op      46419 allocs/op
BenchmarkQuerySetForeignKeys__NoPreload__Books-16                                    426           5614456 ns/op         2258936 B/op      46419 allocs/op
BenchmarkQuerySetForeignKeys__NoPreload__Books-16                                    423           5632202 ns/op         2258959 B/op      46419 allocs/op
BenchmarkQuerySetForeignKeys__Select__OneToX-16                                      270           8795675 ns/op         3992343 B/op      79304 allocs/op
BenchmarkQuerySetForeignKeys__Select__OneToX-16                                      272           8785450 ns/op         3992320 B/op      79304 allocs/op
BenchmarkQuerySetForeignKeys__Select__OneToX-16                                      267           8874881 ns/op         3992318 B/op      79304 allocs/op
BenchmarkQuerySetForeignKeys__Select__OneToX-16                                      272           8796921 ns/op         3992317 B/op      79304 allocs/op
BenchmarkQuerySetForeignKeys__Select__OneToX-16                                      268           8869325 ns/op         3992339 B/op      79304 allocs/op
BenchmarkQuerySetForeignKeys__Select__OneToX-16                                      274           8736065 ns/op         3992318 B/op      79304 allocs/op
BenchmarkQuerySetForeignKeys__Select__OneToX-16                                      271           8875670 ns/op         3992337 B/op      79304 allocs/op
BenchmarkQuerySetForeignKeys__Select__OneToX-16                                      268           8896088 ns/op         3992332 B/op      79304 allocs/op
BenchmarkQuerySetForeignKeys__Select__OneToX-16                                      271           8873848 ns/op         3992329 B/op      79304 allocs/op
BenchmarkQuerySetForeignKeys__Select__OneToX-16                                      272           8787219 ns/op         3992322 B/op      79304 allocs/op
BenchmarkQuerySetForeignKeys__Select__OneToOne-16                                    346           6880283 ns/op         2754947 B/op      59262 allocs/op
BenchmarkQuerySetForeignKeys__Select__OneToOne-16                                    337           6929234 ns/op         2754942 B/op      59262 allocs/op
BenchmarkQuerySetForeignKeys__Select__OneToOne-16                                    345           6918528 ns/op         2754947 B/op      59262 allocs/op
BenchmarkQuerySetForeignKeys__Select__OneToOne-16                                    344           6888688 ns/op         2754939 B/op      59262 allocs/op
BenchmarkQuerySetForeignKeys__Select__OneToOne-16                                    348           6856160 ns/op         2754945 B/op      59262 allocs/op
BenchmarkQuerySetForeignKeys__Select__OneToOne-16                                    344           6909093 ns/op         2754944 B/op      59262 allocs/op
BenchmarkQuerySetForeignKeys__Select__OneToOne-16                                    344           6930999 ns/op         2754953 B/op      59262 allocs/op
BenchmarkQuerySetForeignKeys__Select__OneToOne-16                                    345           6883716 ns/op         2754939 B/op      59262 allocs/op
BenchmarkQuerySetForeignKeys__Select__OneToOne-16                                    348           6858614 ns/op         2754949 B/op      59262 allocs/op
BenchmarkQuerySetForeignKeys__Select__OneToOne-16                                    345           6910288 ns/op         2754931 B/op      59262 allocs/op
BenchmarkQuerySetForeignKeys__Select__OneToX__InitInLoop-16                          268           8833656 ns/op         4002668 B/op      79455 allocs/op
BenchmarkQuerySetForeignKeys__Select__OneToX__InitInLoop-16                          270           8893966 ns/op         4002667 B/op      79455 allocs/op
BenchmarkQuerySetForeignKeys__Select__OneToX__InitInLoop-16                          271           8797113 ns/op         4002670 B/op      79455 allocs/op
BenchmarkQuerySetForeignKeys__Select__OneToX__InitInLoop-16                          271           8870101 ns/op         4002666 B/op      79455 allocs/op
BenchmarkQuerySetForeignKeys__Select__OneToX__InitInLoop-16                          272           8770197 ns/op         4002646 B/op      79455 allocs/op
BenchmarkQuerySetForeignKeys__Select__OneToX__InitInLoop-16                          267           8947464 ns/op         4002705 B/op      79455 allocs/op
BenchmarkQuerySetForeignKeys__Select__OneToX__InitInLoop-16                          272           8809142 ns/op         4002669 B/op      79455 allocs/op
BenchmarkQuerySetForeignKeys__Select__OneToX__InitInLoop-16                          268           8879444 ns/op         4002690 B/op      79455 allocs/op
BenchmarkQuerySetForeignKeys__Select__OneToX__InitInLoop-16                          271           8840624 ns/op         4002696 B/op      79455 allocs/op
BenchmarkQuerySetForeignKeys__Select__OneToX__InitInLoop-16                          270           8879533 ns/op         4002690 B/op      79455 allocs/op
BenchmarkQuerySetForeignKeys__Select__OneToOne__InitInLoop-16                        350           6850284 ns/op         2764690 B/op      59401 allocs/op
BenchmarkQuerySetForeignKeys__Select__OneToOne__InitInLoop-16                        345           6900880 ns/op         2764683 B/op      59401 allocs/op
BenchmarkQuerySetForeignKeys__Select__OneToOne__InitInLoop-16                        345           6883716 ns/op         2764685 B/op      59401 allocs/op
BenchmarkQuerySetForeignKeys__Select__OneToOne__InitInLoop-16                        348           6900294 ns/op         2764688 B/op      59401 allocs/op
BenchmarkQuerySetForeignKeys__Select__OneToOne__InitInLoop-16                        342           6956253 ns/op         2764696 B/op      59401 allocs/op
BenchmarkQuerySetForeignKeys__Select__OneToOne__InitInLoop-16                        348           6889691 ns/op         2764666 B/op      59401 allocs/op
BenchmarkQuerySetForeignKeys__Select__OneToOne__InitInLoop-16                        339           6918747 ns/op         2764694 B/op      59401 allocs/op
BenchmarkQuerySetForeignKeys__Select__OneToOne__InitInLoop-16                        348           6840058 ns/op         2764661 B/op      59401 allocs/op
BenchmarkQuerySetForeignKeys__Select__OneToOne__InitInLoop-16                        346           6869014 ns/op         2764667 B/op      59401 allocs/op
BenchmarkQuerySetForeignKeys__Select__OneToOne__InitInLoop-16                        325           7245138 ns/op         2764700 B/op      59401 allocs/op
BenchmarkQuerySetForeignKeys__Preload__OneToX-16                                     199          11789829 ns/op         4690324 B/op      90499 allocs/op
BenchmarkQuerySetForeignKeys__Preload__OneToX-16                                     205          11744983 ns/op         4690323 B/op      90499 allocs/op
BenchmarkQuerySetForeignKeys__Preload__OneToX-16                                     202          11872343 ns/op         4690348 B/op      90499 allocs/op
BenchmarkQuerySetForeignKeys__Preload__OneToX-16                                     200          12157027 ns/op         4690315 B/op      90499 allocs/op
BenchmarkQuerySetForeignKeys__Preload__OneToX-16                                     193          12210399 ns/op         4690318 B/op      90499 allocs/op
BenchmarkQuerySetForeignKeys__Preload__OneToX-16                                     196          12031173 ns/op         4690327 B/op      90499 allocs/op
BenchmarkQuerySetForeignKeys__Preload__OneToX-16                                     198          12072678 ns/op         4690346 B/op      90499 allocs/op
BenchmarkQuerySetForeignKeys__Preload__OneToX-16                                     186          13042787 ns/op         4690307 B/op      90499 allocs/op
BenchmarkQuerySetForeignKeys__Preload__OneToX-16                                     198          11843818 ns/op         4690317 B/op      90499 allocs/op
BenchmarkQuerySetForeignKeys__Preload__OneToX-16                                     198          12099776 ns/op         4690315 B/op      90499 allocs/op
BenchmarkQuerySetForeignKeys__Preload__OneToOne-16                                   330           7937824 ns/op         2754941 B/op      59262 allocs/op
BenchmarkQuerySetForeignKeys__Preload__OneToOne-16                                   324           7054902 ns/op         2754932 B/op      59262 allocs/op
BenchmarkQuerySetForeignKeys__Preload__OneToOne-16                                   336           7053282 ns/op         2754929 B/op      59262 allocs/op
BenchmarkQuerySetForeignKeys__Preload__OneToOne-16                                   337           7093691 ns/op         2754939 B/op      59262 allocs/op
BenchmarkQuerySetForeignKeys__Preload__OneToOne-16                                   338           6951766 ns/op         2754952 B/op      59262 allocs/op
BenchmarkQuerySetForeignKeys__Preload__OneToOne-16                                   346           6971338 ns/op         2754952 B/op      59262 allocs/op
BenchmarkQuerySetForeignKeys__Preload__OneToOne-16                                   333           7132483 ns/op         2754937 B/op      59262 allocs/op
BenchmarkQuerySetForeignKeys__Preload__OneToOne-16                                   339           7051170 ns/op         2754954 B/op      59262 allocs/op
BenchmarkQuerySetForeignKeys__Preload__OneToOne-16                                   336           6984329 ns/op         2754939 B/op      59262 allocs/op
BenchmarkQuerySetForeignKeys__Preload__OneToOne-16                                   342           7015911 ns/op         2754955 B/op      59262 allocs/op
BenchmarkQuerySetManyToMany__NoPreload-16                                           2344            998083 ns/op          359079 B/op       7282 allocs/op
BenchmarkQuerySetManyToMany__NoPreload-16                                           2355           1000621 ns/op          359076 B/op       7282 allocs/op
BenchmarkQuerySetManyToMany__NoPreload-16                                           2308            992197 ns/op          359079 B/op       7282 allocs/op
BenchmarkQuerySetManyToMany__NoPreload-16                                           2322           1024759 ns/op          359082 B/op       7282 allocs/op
BenchmarkQuerySetManyToMany__NoPreload-16                                           2316            990407 ns/op          359074 B/op       7282 allocs/op
BenchmarkQuerySetManyToMany__NoPreload-16                                           2365           1007342 ns/op          359072 B/op       7282 allocs/op
BenchmarkQuerySetManyToMany__NoPreload-16                                           2372            992074 ns/op          359071 B/op       7282 allocs/op
BenchmarkQuerySetManyToMany__NoPreload-16                                           2286           1006872 ns/op          359079 B/op       7282 allocs/op
BenchmarkQuerySetManyToMany__NoPreload-16                                           2294            988275 ns/op          359073 B/op       7282 allocs/op
BenchmarkQuerySetManyToMany__NoPreload-16                                           2431            985970 ns/op          359082 B/op       7282 allocs/op
BenchmarkQuerySetManyToMany__Select-16                                               122          19541295 ns/op         8379812 B/op     171515 allocs/op
BenchmarkQuerySetManyToMany__Select-16                                               124          19256971 ns/op         8379759 B/op     171515 allocs/op
BenchmarkQuerySetManyToMany__Select-16                                               121          19799660 ns/op         8379755 B/op     171515 allocs/op
BenchmarkQuerySetManyToMany__Select-16                                               122          19410817 ns/op         8379771 B/op     171515 allocs/op
BenchmarkQuerySetManyToMany__Select-16                                               123          19357164 ns/op         8379752 B/op     171515 allocs/op
BenchmarkQuerySetManyToMany__Select-16                                               124          19128612 ns/op         8379776 B/op     171515 allocs/op
BenchmarkQuerySetManyToMany__Select-16                                               124          19105954 ns/op         8379780 B/op     171515 allocs/op
BenchmarkQuerySetManyToMany__Select-16                                               124          19122919 ns/op         8379767 B/op     171515 allocs/op
BenchmarkQuerySetManyToMany__Select-16                                               123          19284263 ns/op         8379767 B/op     171515 allocs/op
BenchmarkQuerySetManyToMany__Select-16                                               126          18948486 ns/op         8379781 B/op     171515 allocs/op
BenchmarkQuerySetManyToMany__Select__Deep-16                                          13         174963446 ns/op        52214094 B/op    1445496 allocs/op
BenchmarkQuerySetManyToMany__Select__Deep-16                                          13         173033162 ns/op        52214032 B/op    1445495 allocs/op
BenchmarkQuerySetManyToMany__Select__Deep-16                                          13         173695169 ns/op        52213930 B/op    1445495 allocs/op
BenchmarkQuerySetManyToMany__Select__Deep-16                                          13         172589246 ns/op        52213929 B/op    1445494 allocs/op
BenchmarkQuerySetManyToMany__Select__Deep-16                                          13         176104631 ns/op        52213950 B/op    1445495 allocs/op
BenchmarkQuerySetManyToMany__Select__Deep-16                                          13         173245254 ns/op        52214011 B/op    1445495 allocs/op
BenchmarkQuerySetManyToMany__Select__Deep-16                                          13         173078777 ns/op        52213930 B/op    1445495 allocs/op
BenchmarkQuerySetManyToMany__Select__Deep-16                                          13         172765631 ns/op        52213914 B/op    1445494 allocs/op
BenchmarkQuerySetManyToMany__Select__Deep-16                                          13         173002223 ns/op        52213918 B/op    1445495 allocs/op
BenchmarkQuerySetManyToMany__Select__Deep-16                                          13         171776138 ns/op        52214070 B/op    1445496 allocs/op
BenchmarkQuerySetManyToMany__Preload-16                                              126          18891228 ns/op         8489821 B/op     164956 allocs/op
BenchmarkQuerySetManyToMany__Preload-16                                              127          18824224 ns/op         8489618 B/op     164955 allocs/op
BenchmarkQuerySetManyToMany__Preload-16                                              127          18782636 ns/op         8489801 B/op     164956 allocs/op
BenchmarkQuerySetManyToMany__Preload-16                                              127          18787685 ns/op         8489557 B/op     164955 allocs/op
BenchmarkQuerySetManyToMany__Preload-16                                              126          19011521 ns/op         8489754 B/op     164956 allocs/op
BenchmarkQuerySetManyToMany__Preload-16                                              126          18953683 ns/op         8489723 B/op     164956 allocs/op
BenchmarkQuerySetManyToMany__Preload-16                                              127          18762514 ns/op         8489595 B/op     164955 allocs/op
BenchmarkQuerySetManyToMany__Preload-16                                              127          18735735 ns/op         8489491 B/op     164954 allocs/op
BenchmarkQuerySetManyToMany__Preload-16                                              127          18761428 ns/op         8489572 B/op     164955 allocs/op
BenchmarkQuerySetManyToMany__Preload-16                                              126          18860052 ns/op         8489659 B/op     164955 allocs/op
BenchmarkQuerySetManyToMany__Preload__Deep-16                                         58          38351364 ns/op        18085956 B/op     335778 allocs/op
BenchmarkQuerySetManyToMany__Preload__Deep-16                                         57          38478111 ns/op        18086574 B/op     335779 allocs/op
BenchmarkQuerySetManyToMany__Preload__Deep-16                                         57          38439663 ns/op        18085648 B/op     335776 allocs/op
BenchmarkQuerySetManyToMany__Preload__Deep-16                                         57          38652918 ns/op        18085791 B/op     335777 allocs/op
BenchmarkQuerySetManyToMany__Preload__Deep-16                                         57          38910684 ns/op        18086095 B/op     335778 allocs/op
BenchmarkQuerySetManyToMany__Preload__Deep-16                                         57          39216153 ns/op        18086239 B/op     335779 allocs/op
BenchmarkQuerySetManyToMany__Preload__Deep-16                                         55          38837011 ns/op        18086137 B/op     335777 allocs/op
BenchmarkQuerySetManyToMany__Preload__Deep-16                                         57          38493819 ns/op        18085707 B/op     335778 allocs/op
BenchmarkQuerySetManyToMany__Preload__Deep-16                                         57          38942884 ns/op        18086138 B/op     335779 allocs/op
BenchmarkQuerySetManyToMany__Preload__Deep-16                                         57          38729744 ns/op        18085591 B/op     335778 allocs/op
BenchmarkQuerySetO2ONoThrough__Select-16                                             276           8632766 ns/op         4490579 B/op      82238 allocs/op
BenchmarkQuerySetO2ONoThrough__Select-16                                             279           8556690 ns/op         4490548 B/op      82238 allocs/op
BenchmarkQuerySetO2ONoThrough__Select-16                                             278           8582473 ns/op         4490543 B/op      82238 allocs/op
BenchmarkQuerySetO2ONoThrough__Select-16                                             278           8573353 ns/op         4490546 B/op      82238 allocs/op
BenchmarkQuerySetO2ONoThrough__Select-16                                             279           8552549 ns/op         4490526 B/op      82238 allocs/op
BenchmarkQuerySetO2ONoThrough__Select-16                                             277           8632050 ns/op         4490528 B/op      82238 allocs/op
BenchmarkQuerySetO2ONoThrough__Select-16                                             276           8654654 ns/op         4490538 B/op      82238 allocs/op
BenchmarkQuerySetO2ONoThrough__Select-16                                             278           8571485 ns/op         4490542 B/op      82238 allocs/op
BenchmarkQuerySetO2ONoThrough__Select-16                                             278           8565280 ns/op         4490540 B/op      82238 allocs/op
BenchmarkQuerySetO2ONoThrough__Select-16                                             274           8668383 ns/op         4490545 B/op      82238 allocs/op
BenchmarkQuerySetO2ONoThrough__Preload-16                                            279           8562169 ns/op         4490555 B/op      82238 allocs/op
BenchmarkQuerySetO2ONoThrough__Preload-16                                            278           8606000 ns/op         4490549 B/op      82238 allocs/op
BenchmarkQuerySetO2ONoThrough__Preload-16                                            278           8557091 ns/op         4490539 B/op      82238 allocs/op
BenchmarkQuerySetO2ONoThrough__Preload-16                                            280           8577806 ns/op         4490537 B/op      82238 allocs/op
BenchmarkQuerySetO2ONoThrough__Preload-16                                            277           8561517 ns/op         4490540 B/op      82238 allocs/op
BenchmarkQuerySetO2ONoThrough__Preload-16                                            278           8666865 ns/op         4490540 B/op      82238 allocs/op
BenchmarkQuerySetO2ONoThrough__Preload-16                                            278           8557142 ns/op         4490540 B/op      82238 allocs/op
BenchmarkQuerySetO2ONoThrough__Preload-16                                            277           8602210 ns/op         4490545 B/op      82238 allocs/op
BenchmarkQuerySetO2ONoThrough__Preload-16                                            276           8576366 ns/op         4490544 B/op      82238 allocs/op
BenchmarkQuerySetO2ONoThrough__Preload-16                                            279           8607970 ns/op         4490538 B/op      82238 allocs/op
BenchmarkQuerySetO2ONoThrough__Select__Reverse-16                                    268           8885868 ns/op         4504581 B/op      83733 allocs/op
BenchmarkQuerySetO2ONoThrough__Select__Reverse-16                                    271           8847896 ns/op         4504561 B/op      83733 allocs/op
BenchmarkQuerySetO2ONoThrough__Select__Reverse-16                                    271           8816101 ns/op         4504562 B/op      83733 allocs/op
BenchmarkQuerySetO2ONoThrough__Select__Reverse-16                                    272           8823815 ns/op         4504552 B/op      83733 allocs/op
BenchmarkQuerySetO2ONoThrough__Select__Reverse-16                                    267           8920164 ns/op         4504576 B/op      83733 allocs/op
BenchmarkQuerySetO2ONoThrough__Select__Reverse-16                                    266           8941295 ns/op         4504556 B/op      83733 allocs/op
BenchmarkQuerySetO2ONoThrough__Select__Reverse-16                                    268           8920546 ns/op         4504561 B/op      83733 allocs/op
BenchmarkQuerySetO2ONoThrough__Select__Reverse-16                                    270           8863419 ns/op         4504556 B/op      83733 allocs/op
BenchmarkQuerySetO2ONoThrough__Select__Reverse-16                                    265           8953940 ns/op         4504557 B/op      83733 allocs/op
BenchmarkQuerySetO2ONoThrough__Select__Reverse-16                                    268           8923124 ns/op         4504552 B/op      83733 allocs/op
BenchmarkQuerySetO2ONoThrough__Preload__Reverse-16                                   267           8892108 ns/op         4504561 B/op      83733 allocs/op
BenchmarkQuerySetO2ONoThrough__Preload__Reverse-16                                   268           8903625 ns/op         4504569 B/op      83733 allocs/op
BenchmarkQuerySetO2ONoThrough__Preload__Reverse-16                                   267           8879317 ns/op         4504569 B/op      83733 allocs/op
BenchmarkQuerySetO2ONoThrough__Preload__Reverse-16                                   268           8867576 ns/op         4504560 B/op      83733 allocs/op
BenchmarkQuerySetO2ONoThrough__Preload__Reverse-16                                   266           9036169 ns/op         4504560 B/op      83733 allocs/op
BenchmarkQuerySetO2ONoThrough__Preload__Reverse-16                                   268           8880180 ns/op         4504570 B/op      83733 allocs/op
BenchmarkQuerySetO2ONoThrough__Preload__Reverse-16                                   266           8898938 ns/op         4504589 B/op      83733 allocs/op
BenchmarkQuerySetO2ONoThrough__Preload__Reverse-16                                   271           8838654 ns/op         4504584 B/op      83733 allocs/op
BenchmarkQuerySetO2ONoThrough__Preload__Reverse-16                                   270           8955059 ns/op         4504581 B/op      83733 allocs/op
BenchmarkQuerySetO2ONoThrough__Preload__Reverse-16                                   268           9135473 ns/op         4504573 B/op      83733 allocs/op
BenchmarkQuerySetOneToOne__Select-16                                                 261           9136656 ns/op         4723397 B/op      87298 allocs/op
BenchmarkQuerySetOneToOne__Select-16                                                 259           9168369 ns/op         4723374 B/op      87298 allocs/op
BenchmarkQuerySetOneToOne__Select-16                                                 264           9028290 ns/op         4723355 B/op      87298 allocs/op
BenchmarkQuerySetOneToOne__Select-16                                                 260           9256253 ns/op         4723364 B/op      87298 allocs/op
BenchmarkQuerySetOneToOne__Select-16                                                 259           9156354 ns/op         4723363 B/op      87298 allocs/op
BenchmarkQuerySetOneToOne__Select-16                                                 265           9049839 ns/op         4723368 B/op      87298 allocs/op
BenchmarkQuerySetOneToOne__Select-16                                                 266           9013497 ns/op         4723374 B/op      87298 allocs/op
BenchmarkQuerySetOneToOne__Select-16                                                 266           8939749 ns/op         4723366 B/op      87298 allocs/op
BenchmarkQuerySetOneToOne__Select-16                                                 267           8975648 ns/op         4723359 B/op      87298 allocs/op
BenchmarkQuerySetOneToOne__Select-16                                                 266           8964420 ns/op         4723369 B/op      87298 allocs/op
BenchmarkQuerySetOneToOne__Preload-16                                                267           8984716 ns/op         4723360 B/op      87298 allocs/op
BenchmarkQuerySetOneToOne__Preload-16                                                264           9011281 ns/op         4723357 B/op      87298 allocs/op
BenchmarkQuerySetOneToOne__Preload-16                                                267           8921828 ns/op         4723361 B/op      87298 allocs/op
BenchmarkQuerySetOneToOne__Preload-16                                                264           9040052 ns/op         4723360 B/op      87298 allocs/op
BenchmarkQuerySetOneToOne__Preload-16                                                267           8949663 ns/op         4723360 B/op      87298 allocs/op
BenchmarkQuerySetOneToOne__Preload-16                                                262           9031776 ns/op         4723375 B/op      87298 allocs/op
BenchmarkQuerySetOneToOne__Preload-16                                                258           9292675 ns/op         4723361 B/op      87298 allocs/op
BenchmarkQuerySetOneToOne__Preload-16                                                255           9277366 ns/op         4723367 B/op      87298 allocs/op
BenchmarkQuerySetOneToOne__Preload-16                                                265           9021789 ns/op         4723356 B/op      87298 allocs/op
BenchmarkQuerySetOneToOne__Preload-16                                                265           9068032 ns/op         4723350 B/op      87298 allocs/op
BenchmarkQuerySetOneToOne__Select__Reverse-16                                        266           8962554 ns/op         4726012 B/op      87292 allocs/op
BenchmarkQuerySetOneToOne__Select__Reverse-16                                        266           9005062 ns/op         4726007 B/op      87292 allocs/op
BenchmarkQuerySetOneToOne__Select__Reverse-16                                        261           9041942 ns/op         4725993 B/op      87292 allocs/op
BenchmarkQuerySetOneToOne__Select__Reverse-16                                        267           8994476 ns/op         4725988 B/op      87292 allocs/op
BenchmarkQuerySetOneToOne__Select__Reverse-16                                        268           8934849 ns/op         4726005 B/op      87292 allocs/op
BenchmarkQuerySetOneToOne__Select__Reverse-16                                        262           9111429 ns/op         4726000 B/op      87292 allocs/op
BenchmarkQuerySetOneToOne__Select__Reverse-16                                        262           9094723 ns/op         4726016 B/op      87292 allocs/op
BenchmarkQuerySetOneToOne__Select__Reverse-16                                        261           9172475 ns/op         4726000 B/op      87292 allocs/op
BenchmarkQuerySetOneToOne__Select__Reverse-16                                        261           9118003 ns/op         4725989 B/op      87292 allocs/op
BenchmarkQuerySetOneToOne__Select__Reverse-16                                        261           9161890 ns/op         4726009 B/op      87292 allocs/op
BenchmarkQuerySetOneToOne__Preload__Reverse-16                                       262           9126026 ns/op         4726006 B/op      87292 allocs/op
BenchmarkQuerySetOneToOne__Preload__Reverse-16                                       259           9218526 ns/op         4725987 B/op      87292 allocs/op
BenchmarkQuerySetOneToOne__Preload__Reverse-16                                       261           9130049 ns/op         4725998 B/op      87292 allocs/op
BenchmarkQuerySetOneToOne__Preload__Reverse-16                                       260           9139523 ns/op         4726000 B/op      87292 allocs/op
BenchmarkQuerySetOneToOne__Preload__Reverse-16                                       259           9151486 ns/op         4726011 B/op      87292 allocs/op
BenchmarkQuerySetOneToOne__Preload__Reverse-16                                       260           9149481 ns/op         4725999 B/op      87292 allocs/op
BenchmarkQuerySetOneToOne__Preload__Reverse-16                                       260           9152689 ns/op         4725989 B/op      87292 allocs/op
BenchmarkQuerySetOneToOne__Preload__Reverse-16                                       262           9106072 ns/op         4726008 B/op      87292 allocs/op
BenchmarkQuerySetOneToOne__Preload__Reverse-16                                       259           9160249 ns/op         4726004 B/op      87292 allocs/op
BenchmarkQuerySetOneToOne__Preload__Reverse-16                                       261           9115029 ns/op         4726006 B/op      87292 allocs/op